Archive member included to satisfy reference by file (symbol)

d:/stm32cubeide_1.7.0/stm32cubeide/plugins/com.st.stm32cube.ide.mcu.externaltools.gnu-tools-for-stm32.9-2020-q2-update.win32_2.0.0.202105311346/tools/bin/../lib/gcc/arm-none-eabi/9.3.1/../../../../arm-none-eabi/lib/thumb/v7-m/nofp\libc_nano.a(lib_a-errno.o)
                              ./Core/Src/syscalls.o (__errno)
d:/stm32cubeide_1.7.0/stm32cubeide/plugins/com.st.stm32cube.ide.mcu.externaltools.gnu-tools-for-stm32.9-2020-q2-update.win32_2.0.0.202105311346/tools/bin/../lib/gcc/arm-none-eabi/9.3.1/../../../../arm-none-eabi/lib/thumb/v7-m/nofp\libc_nano.a(lib_a-exit.o)
                              d:/stm32cubeide_1.7.0/stm32cubeide/plugins/com.st.stm32cube.ide.mcu.externaltools.gnu-tools-for-stm32.9-2020-q2-update.win32_2.0.0.202105311346/tools/bin/../lib/gcc/arm-none-eabi/9.3.1/../../../../arm-none-eabi/lib/thumb/v7-m/nofp/crt0.o (exit)
d:/stm32cubeide_1.7.0/stm32cubeide/plugins/com.st.stm32cube.ide.mcu.externaltools.gnu-tools-for-stm32.9-2020-q2-update.win32_2.0.0.202105311346/tools/bin/../lib/gcc/arm-none-eabi/9.3.1/../../../../arm-none-eabi/lib/thumb/v7-m/nofp\libc_nano.a(lib_a-impure.o)
                              d:/stm32cubeide_1.7.0/stm32cubeide/plugins/com.st.stm32cube.ide.mcu.externaltools.gnu-tools-for-stm32.9-2020-q2-update.win32_2.0.0.202105311346/tools/bin/../lib/gcc/arm-none-eabi/9.3.1/../../../../arm-none-eabi/lib/thumb/v7-m/nofp\libc_nano.a(lib_a-exit.o) (_global_impure_ptr)
d:/stm32cubeide_1.7.0/stm32cubeide/plugins/com.st.stm32cube.ide.mcu.externaltools.gnu-tools-for-stm32.9-2020-q2-update.win32_2.0.0.202105311346/tools/bin/../lib/gcc/arm-none-eabi/9.3.1/../../../../arm-none-eabi/lib/thumb/v7-m/nofp\libc_nano.a(lib_a-init.o)
                              d:/stm32cubeide_1.7.0/stm32cubeide/plugins/com.st.stm32cube.ide.mcu.externaltools.gnu-tools-for-stm32.9-2020-q2-update.win32_2.0.0.202105311346/tools/bin/../lib/gcc/arm-none-eabi/9.3.1/../../../../arm-none-eabi/lib/thumb/v7-m/nofp/crt0.o (__libc_init_array)
d:/stm32cubeide_1.7.0/stm32cubeide/plugins/com.st.stm32cube.ide.mcu.externaltools.gnu-tools-for-stm32.9-2020-q2-update.win32_2.0.0.202105311346/tools/bin/../lib/gcc/arm-none-eabi/9.3.1/../../../../arm-none-eabi/lib/thumb/v7-m/nofp\libc_nano.a(lib_a-memset.o)
                              d:/stm32cubeide_1.7.0/stm32cubeide/plugins/com.st.stm32cube.ide.mcu.externaltools.gnu-tools-for-stm32.9-2020-q2-update.win32_2.0.0.202105311346/tools/bin/../lib/gcc/arm-none-eabi/9.3.1/../../../../arm-none-eabi/lib/thumb/v7-m/nofp/crt0.o (memset)

Allocating common symbols
Common symbol       size              file

timer2              0x8               ./Core/Src/sw_timer.o
time_buffer         0x18              ./Core/Src/set7SEG.o
uwTick              0x4               ./Drivers/STM32F1xx_HAL_Driver/Src/stm32f1xx_hal.o
pFlash              0x20              ./Drivers/STM32F1xx_HAL_Driver/Src/stm32f1xx_hal_flash.o
timeNoReact         0x8               ./Core/Src/sw_timer.o
timerBlinky1        0x8               ./Core/Src/sw_timer.o
button2             0x14              ./Core/Src/button.o
timer4              0x8               ./Core/Src/sw_timer.o
button3             0x14              ./Core/Src/button.o
timer1              0x8               ./Core/Src/sw_timer.o
htim2               0x48              ./Core/Src/main.o
isEditted           0x1               ./Core/Src/mode_control.o
button1             0x14              ./Core/Src/button.o
timerBlinky2        0x8               ./Core/Src/sw_timer.o
timerTestLed        0x8               ./Core/Src/sw_timer.o
timer3              0x8               ./Core/Src/sw_timer.o

Discarded input sections

 .text          0x0000000000000000        0x0 d:/stm32cubeide_1.7.0/stm32cubeide/plugins/com.st.stm32cube.ide.mcu.externaltools.gnu-tools-for-stm32.9-2020-q2-update.win32_2.0.0.202105311346/tools/bin/../lib/gcc/arm-none-eabi/9.3.1/thumb/v7-m/nofp/crti.o
 .data          0x0000000000000000        0x0 d:/stm32cubeide_1.7.0/stm32cubeide/plugins/com.st.stm32cube.ide.mcu.externaltools.gnu-tools-for-stm32.9-2020-q2-update.win32_2.0.0.202105311346/tools/bin/../lib/gcc/arm-none-eabi/9.3.1/thumb/v7-m/nofp/crti.o
 .bss           0x0000000000000000        0x0 d:/stm32cubeide_1.7.0/stm32cubeide/plugins/com.st.stm32cube.ide.mcu.externaltools.gnu-tools-for-stm32.9-2020-q2-update.win32_2.0.0.202105311346/tools/bin/../lib/gcc/arm-none-eabi/9.3.1/thumb/v7-m/nofp/crti.o
 .data          0x0000000000000000        0x4 d:/stm32cubeide_1.7.0/stm32cubeide/plugins/com.st.stm32cube.ide.mcu.externaltools.gnu-tools-for-stm32.9-2020-q2-update.win32_2.0.0.202105311346/tools/bin/../lib/gcc/arm-none-eabi/9.3.1/thumb/v7-m/nofp/crtbegin.o
 .text          0x0000000000000000       0x7c d:/stm32cubeide_1.7.0/stm32cubeide/plugins/com.st.stm32cube.ide.mcu.externaltools.gnu-tools-for-stm32.9-2020-q2-update.win32_2.0.0.202105311346/tools/bin/../lib/gcc/arm-none-eabi/9.3.1/../../../../arm-none-eabi/lib/thumb/v7-m/nofp/crt0.o
[...]
Memory Configuration

Name             Origin             Length             Attributes
RAM              0x0000000020000000 0x0000000000002800 xrw
FLASH            0x0000000008000000 0x0000000000008000 xr
*default*        0x0000000000000000 0xffffffffffffffff

Linker script and memory map

LOAD d:/stm32cubeide_1.7.0/stm32cubeide/plugins/com.st.stm32cube.ide.mcu.externaltools.gnu-tools-for-stm32.9-2020-q2-update.win32_2.0.0.202105311346/tools/bin/../lib/gcc/arm-none-eabi/9.3.1/thumb/v7-m/nofp/crti.o
LOAD d:/stm32cubeide_1.7.0/stm32cubeide/plugins/com.st.stm32cube.ide.mcu.externaltools.gnu-tools-for-stm32.9-2020-q2-update.win32_2.0.0.202105311346/tools/bin/../lib/gcc/arm-none-eabi/9.3.1/thumb/v7-m/nofp/crtbegin.o
LOAD d:/stm32cubeide_1.7.0/stm32cubeide/plugins/com.st.stm32cube.ide.mcu.externaltools.gnu-tools-for-stm32.9-2020-q2-update.win32_2.0.0.202105311346/tools/bin/../lib/gcc/arm-none-eabi/9.3.1/../../../../arm-none-eabi/lib/thumb/v7-m/nofp/crt0.o
LOAD ./Core/Src/button.o
LOAD ./Core/Src/fsm_auto.o
LOAD ./Core/Src/fsm_manual.o
LOAD ./Core/Src/global.o
LOAD ./Core/Src/main.o
LOAD ./Core/Src/mode_control.o
LOAD ./Core/Src/set7SEG.o
LOAD ./Core/Src/setTrafficLed.o
LOAD ./Core/Src/stm32f1xx_hal_msp.o
LOAD ./Core/Src/stm32f1xx_it.o
LOAD ./Core/Src/sw_timer.o
LOAD ./Core/Src/syscalls.o
LOAD ./Core/Src/sysmem.o
LOAD ./Core/Src/system_stm32f1xx.o
LOAD ./Core/Startup/startup_stm32f103c6ux.o
LOAD ./Drivers/STM32F1xx_HAL_Driver/Src/stm32f1xx_hal.o
LOAD ./Drivers/STM32F1xx_HAL_Driver/Src/stm32f1xx_hal_cortex.o
LOAD ./Drivers/STM32F1xx_HAL_Driver/Src/stm32f1xx_hal_dma.o
LOAD ./Drivers/STM32F1xx_HAL_Driver/Src/stm32f1xx_hal_exti.o
LOAD ./Drivers/STM32F1xx_HAL_Driver/Src/stm32f1xx_hal_flash.o
LOAD ./Drivers/STM32F1xx_HAL_Driver/Src/stm32f1xx_hal_flash_ex.o
LOAD ./Drivers/STM32F1xx_HAL_Driver/Src/stm32f1xx_hal_gpio.o
LOAD ./Drivers/STM32F1xx_HAL_Driver/Src/stm32f1xx_hal_gpio_ex.o
LOAD ./Drivers/STM32F1xx_HAL_Driver/Src/stm32f1xx_hal_pwr.o
LOAD ./Drivers/STM32F1xx_HAL_Driver/Src/stm32f1xx_hal_rcc.o
LOAD ./Drivers/STM32F1xx_HAL_Driver/Src/stm32f1xx_hal_rcc_ex.o
LOAD ./Drivers/STM32F1xx_HAL_Driver/Src/stm32f1xx_hal_tim.o
LOAD ./Drivers/STM32F1xx_HAL_Driver/Src/stm32f1xx_hal_tim_ex.o
START GROUP
LOAD d:/stm32cubeide_1.7.0/stm32cubeide/plugins/com.st.stm32cube.ide.mcu.externaltools.gnu-tools-for-stm32.9-2020-q2-update.win32_2.0.0.202105311346/tools/bin/../lib/gcc/arm-none-eabi/9.3.1/../../../../arm-none-eabi/lib/thumb/v7-m/nofp\libc_nano.a
LOAD d:/stm32cubeide_1.7.0/stm32cubeide/plugins/com.st.stm32cube.ide.mcu.externaltools.gnu-tools-for-stm32.9-2020-q2-update.win32_2.0.0.202105311346/tools/bin/../lib/gcc/arm-none-eabi/9.3.1/../../../../arm-none-eabi/lib/thumb/v7-m/nofp\libm.a
END GROUP
START GROUP
LOAD d:/stm32cubeide_1.7.0/stm32cubeide/plugins/com.st.stm32cube.ide.mcu.externaltools.gnu-tools-for-stm32.9-2020-q2-update.win32_2.0.0.202105311346/tools/bin/../lib/gcc/arm-none-eabi/9.3.1/thumb/v7-m/nofp\libgcc.a
LOAD d:/stm32cubeide_1.7.0/stm32cubeide/plugins/com.st.stm32cube.ide.mcu.externaltools.gnu-tools-for-stm32.9-2020-q2-update.win32_2.0.0.202105311346/tools/bin/../lib/gcc/arm-none-eabi/9.3.1/../../../../arm-none-eabi/lib/thumb/v7-m/nofp\libc_nano.a
END GROUP
START GROUP
LOAD d:/stm32cubeide_1.7.0/stm32cubeide/plugins/com.st.stm32cube.ide.mcu.externaltools.gnu-tools-for-stm32.9-2020-q2-update.win32_2.0.0.202105311346/tools/bin/../lib/gcc/arm-none-eabi/9.3.1/thumb/v7-m/nofp\libgcc.a
LOAD d:/stm32cubeide_1.7.0/stm32cubeide/plugins/com.st.stm32cube.ide.mcu.externaltools.gnu-tools-for-stm32.9-2020-q2-update.win32_2.0.0.202105311346/tools/bin/../lib/gcc/arm-none-eabi/9.3.1/../../../../arm-none-eabi/lib/thumb/v7-m/nofp\libc_nano.a
LOAD d:/stm32cubeide_1.7.0/stm32cubeide/plugins/com.st.stm32cube.ide.mcu.externaltools.gnu-tools-for-stm32.9-2020-q2-update.win32_2.0.0.202105311346/tools/bin/../lib/gcc/arm-none-eabi/9.3.1/../../../../arm-none-eabi/lib/thumb/v7-m/nofp\libnosys.a
END GROUP
START GROUP
LOAD d:/stm32cubeide_1.7.0/stm32cubeide/plugins/com.st.stm32cube.ide.mcu.externaltools.gnu-tools-for-stm32.9-2020-q2-update.win32_2.0.0.202105311346/tools/bin/../lib/gcc/arm-none-eabi/9.3.1/thumb/v7-m/nofp\libgcc.a
LOAD d:/stm32cubeide_1.7.0/stm32cubeide/plugins/com.st.stm32cube.ide.mcu.externaltools.gnu-tools-for-stm32.9-2020-q2-update.win32_2.0.0.202105311346/tools/bin/../lib/gcc/arm-none-eabi/9.3.1/../../../../arm-none-eabi/lib/thumb/v7-m/nofp\libc_nano.a
LOAD d:/stm32cubeide_1.7.0/stm32cubeide/plugins/com.st.stm32cube.ide.mcu.externaltools.gnu-tools-for-stm32.9-2020-q2-update.win32_2.0.0.202105311346/tools/bin/../lib/gcc/arm-none-eabi/9.3.1/../../../../arm-none-eabi/lib/thumb/v7-m/nofp\libnosys.a
END GROUP
LOAD d:/stm32cubeide_1.7.0/stm32cubeide/plugins/com.st.stm32cube.ide.mcu.externaltools.gnu-tools-for-stm32.9-2020-q2-update.win32_2.0.0.202105311346/tools/bin/../lib/gcc/arm-none-eabi/9.3.1/thumb/v7-m/nofp/crtend.o
LOAD d:/stm32cubeide_1.7.0/stm32cubeide/plugins/com.st.stm32cube.ide.mcu.externaltools.gnu-tools-for-stm32.9-2020-q2-update.win32_2.0.0.202105311346/tools/bin/../lib/gcc/arm-none-eabi/9.3.1/thumb/v7-m/nofp/crtn.o
                0x0000000020002800                _estack = (ORIGIN (RAM) + LENGTH (RAM))
                0x0000000000000200                _Min_Heap_Size = 0x200
                0x0000000000000400                _Min_Stack_Size = 0x400

.isr_vector     0x0000000008000000      0x10c
                0x0000000008000000                . = ALIGN (0x4)
 *(.isr_vector)
 .isr_vector    0x0000000008000000      0x10c ./Core/Startup/startup_stm32f103c6ux.o
                0x0000000008000000                g_pfnVectors
                0x000000000800010c                . = ALIGN (0x4)

.text           0x000000000800010c     0x2cc0
                0x000000000800010c                . = ALIGN (0x4)
 *(.text)
 .text          0x000000000800010c       0x40 d:/stm32cubeide_1.7.0/stm32cubeide/plugins/com.st.stm32cube.ide.mcu.externaltools.gnu-tools-for-stm32.9-2020-q2-update.win32_2.0.0.202105311346/tools/bin/../lib/gcc/arm-none-eabi/9.3.1/thumb/v7-m/nofp/crtbegin.o
 *(.text*)
 .text.initButton
                0x000000000800014c       0x4c ./Core/Src/button.o
                0x000000000800014c                initButton
 .text.getKeyInput
                0x0000000008000198       0xa0 ./Core/Src/button.o
                0x0000000008000198                getKeyInput
 .text.initAllButtons
                0x0000000008000238       0x3c ./Core/Src/button.o
                0x0000000008000238                initAllButtons
 .text.isButtonPressed
                0x0000000008000274       0x26 ./Core/Src/button.o
                0x0000000008000274                isButtonPressed
 *fill*         0x000000000800029a        0x2 
 .text.fsm_auto_run_main
                0x000000000800029c      0x138 ./Core/Src/fsm_auto.o
                0x000000000800029c                fsm_auto_run_main
 .text.fsm_auto_run_sub
                0x00000000080003d4      0x138 ./Core/Src/fsm_auto.o
                0x00000000080003d4                fsm_auto_run_sub
 .text.fsm_auto_run
                0x000000000800050c       0x14 ./Core/Src/fsm_auto.o
                0x000000000800050c                fsm_auto_run
 .text.fsm_manual_run
                0x0000000008000520      0x150 ./Core/Src/fsm_manual.o
                0x0000000008000520                fsm_manual_run
 .text.main     0x0000000008000670      0x11c ./Core/Src/main.o
                0x0000000008000670                main
 .text.SystemClock_Config
                0x000000000800078c       0x76 ./Core/Src/main.o
                0x000000000800078c                SystemClock_Config
 *fill*         0x0000000008000802        0x2 
 .text.MX_TIM2_Init
                0x0000000008000804       0x98 ./Core/Src/main.o
 .text.MX_GPIO_Init
                0x000000000800089c       0xc8 ./Core/Src/main.o
 .text.HAL_TIM_PeriodElapsedCallback
                0x0000000008000964       0x80 ./Core/Src/main.o
                0x0000000008000964                HAL_TIM_PeriodElapsedCallback
 .text.Error_Handler
                0x00000000080009e4        0xa ./Core/Src/main.o
                0x00000000080009e4                Error_Handler
 *fill*         0x00000000080009ee        0x2 
 .text.entryState
                0x00000000080009f0       0xb0 ./Core/Src/mode_control.o
                0x00000000080009f0                entryState
 .text.restoreBackup
                0x0000000008000aa0       0x48 ./Core/Src/mode_control.o
                0x0000000008000aa0                restoreBackup
 .text.checkMode
                0x0000000008000ae8       0x8c ./Core/Src/mode_control.o
                0x0000000008000ae8                checkMode
 .text.updateManualTime
                0x0000000008000b74       0xe0 ./Core/Src/mode_control.o
                0x0000000008000b74                updateManualTime
 .text.saveManualTime
                0x0000000008000c54       0xec ./Core/Src/mode_control.o
                0x0000000008000c54                saveManualTime
 .text.display7SEG
                0x0000000008000d40      0x320 ./Core/Src/set7SEG.o
                0x0000000008000d40                display7SEG
 .text.updateCountTime
                0x0000000008001060       0xcc ./Core/Src/set7SEG.o
                0x0000000008001060                updateCountTime
 .text.showTime
                0x000000000800112c       0xb0 ./Core/Src/set7SEG.o
                0x000000000800112c                showTime
 .text.updateCountdown
                0x00000000080011dc       0x60 ./Core/Src/set7SEG.o
                0x00000000080011dc                updateCountdown
 .text.turnOffMainLeds
                0x000000000800123c       0x4c ./Core/Src/setTrafficLed.o
                0x000000000800123c                turnOffMainLeds
 .text.turnOffSubLeds
                0x0000000008001288       0x54 ./Core/Src/setTrafficLed.o
                0x0000000008001288                turnOffSubLeds
 .text.blinkyLedMain
                0x00000000080012dc       0x4c ./Core/Src/setTrafficLed.o
                0x00000000080012dc                blinkyLedMain
 .text.blinkyLedSub
                0x0000000008001328       0x4c ./Core/Src/setTrafficLed.o
                0x0000000008001328                blinkyLedSub
 .text.redOnMain
                0x0000000008001374       0x44 ./Core/Src/setTrafficLed.o
                0x0000000008001374                redOnMain
 .text.yellowOnMain
                0x00000000080013b8       0x44 ./Core/Src/setTrafficLed.o
                0x00000000080013b8                yellowOnMain
 .text.greenOnMain
                0x00000000080013fc       0x44 ./Core/Src/setTrafficLed.o
                0x00000000080013fc                greenOnMain
 .text.redOnSub
                0x0000000008001440       0x4c ./Core/Src/setTrafficLed.o
                0x0000000008001440                redOnSub
 .text.yellowOnSub
                0x000000000800148c       0x4c ./Core/Src/setTrafficLed.o
                0x000000000800148c                yellowOnSub
 .text.greenOnSub
                0x00000000080014d8       0x4c ./Core/Src/setTrafficLed.o
                0x00000000080014d8                greenOnSub
 .text.HAL_MspInit
                0x0000000008001524       0x64 ./Core/Src/stm32f1xx_hal_msp.o
                0x0000000008001524                HAL_MspInit
 .text.HAL_TIM_Base_MspInit
                0x0000000008001588       0x48 ./Core/Src/stm32f1xx_hal_msp.o
                0x0000000008001588                HAL_TIM_Base_MspInit
 .text.NMI_Handler
                0x00000000080015d0        0x6 ./Core/Src/stm32f1xx_it.o
                0x00000000080015d0                NMI_Handler
 .text.HardFault_Handler
                0x00000000080015d6        0x6 ./Core/Src/stm32f1xx_it.o
                0x00000000080015d6                HardFault_Handler
 .text.MemManage_Handler
                0x00000000080015dc        0x6 ./Core/Src/stm32f1xx_it.o
                0x00000000080015dc                MemManage_Handler
 .text.BusFault_Handler
                0x00000000080015e2        0x6 ./Core/Src/stm32f1xx_it.o
                0x00000000080015e2                BusFault_Handler
 .text.UsageFault_Handler
                0x00000000080015e8        0x6 ./Core/Src/stm32f1xx_it.o
                0x00000000080015e8                UsageFault_Handler
 .text.SVC_Handler
                0x00000000080015ee        0xc ./Core/Src/stm32f1xx_it.o
                0x00000000080015ee                SVC_Handler
 .text.DebugMon_Handler
                0x00000000080015fa        0xc ./Core/Src/stm32f1xx_it.o
                0x00000000080015fa                DebugMon_Handler
 .text.PendSV_Handler
                0x0000000008001606        0xc ./Core/Src/stm32f1xx_it.o
                0x0000000008001606                PendSV_Handler
 .text.SysTick_Handler
                0x0000000008001612        0xc ./Core/Src/stm32f1xx_it.o
                0x0000000008001612                SysTick_Handler
 *fill*         0x000000000800161e        0x2 
 .text.TIM2_IRQHandler
                0x0000000008001620       0x14 ./Core/Src/stm32f1xx_it.o
                0x0000000008001620                TIM2_IRQHandler
 .text.initTimer
                0x0000000008001634       0x1e ./Core/Src/sw_timer.o
                0x0000000008001634                initTimer
 *fill*         0x0000000008001652        0x2 
 .text.setTimer
                0x0000000008001654       0x2c ./Core/Src/sw_timer.o
                0x0000000008001654                setTimer
 .text.timerRun
                0x0000000008001680       0x32 ./Core/Src/sw_timer.o
                0x0000000008001680                timerRun
 .text.isTimerExpired
                0x00000000080016b2       0x26 ./Core/Src/sw_timer.o
                0x00000000080016b2                isTimerExpired
 .text.initAllTimer
                0x00000000080016d8       0x58 ./Core/Src/sw_timer.o
                0x00000000080016d8                initAllTimer
 .text.SystemInit
                0x0000000008001730        0xc ./Core/Src/system_stm32f1xx.o
                0x0000000008001730                SystemInit
 .text.Reset_Handler
                0x000000000800173c       0x48 ./Core/Startup/startup_stm32f103c6ux.o
                0x000000000800173c                Reset_Handler
 .text.Default_Handler
                0x0000000008001784        0x2 ./Core/Startup/startup_stm32f103c6ux.o
                0x0000000008001784                RTC_Alarm_IRQHandler
                0x0000000008001784                EXTI2_IRQHandler
                0x0000000008001784                TIM1_CC_IRQHandler
                0x0000000008001784                PVD_IRQHandler
                0x0000000008001784                EXTI3_IRQHandler
                0x0000000008001784                EXTI0_IRQHandler
                0x0000000008001784                ADC1_2_IRQHandler
                0x0000000008001784                SPI1_IRQHandler
                0x0000000008001784                TAMPER_IRQHandler
                0x0000000008001784                DMA1_Channel4_IRQHandler
                0x0000000008001784                RTC_IRQHandler
                0x0000000008001784                DMA1_Channel7_IRQHandler
                0x0000000008001784                CAN1_RX1_IRQHandler
                0x0000000008001784                I2C1_EV_IRQHandler
                0x0000000008001784                DMA1_Channel6_IRQHandler
                0x0000000008001784                TIM3_IRQHandler
                0x0000000008001784                RCC_IRQHandler
                0x0000000008001784                TIM1_TRG_COM_IRQHandler
                0x0000000008001784                DMA1_Channel1_IRQHandler
                0x0000000008001784                Default_Handler
                0x0000000008001784                EXTI15_10_IRQHandler
                0x0000000008001784                EXTI9_5_IRQHandler
                0x0000000008001784                DMA1_Channel5_IRQHandler
                0x0000000008001784                EXTI4_IRQHandler
                0x0000000008001784                USB_LP_CAN1_RX0_IRQHandler
                0x0000000008001784                USB_HP_CAN1_TX_IRQHandler
                0x0000000008001784                DMA1_Channel3_IRQHandler
                0x0000000008001784                TIM1_UP_IRQHandler
                0x0000000008001784                WWDG_IRQHandler
                0x0000000008001784                TIM1_BRK_IRQHandler
                0x0000000008001784                EXTI1_IRQHandler
                0x0000000008001784                USART2_IRQHandler
                0x0000000008001784                DMA1_Channel2_IRQHandler
                0x0000000008001784                CAN1_SCE_IRQHandler
                0x0000000008001784                FLASH_IRQHandler
                0x0000000008001784                USART1_IRQHandler
                0x0000000008001784                I2C1_ER_IRQHandler
                0x0000000008001784                USBWakeUp_IRQHandler
 *fill*         0x0000000008001786        0x2 
 .text.HAL_Init
                0x0000000008001788       0x2c ./Drivers/STM32F1xx_HAL_Driver/Src/stm32f1xx_hal.o
                0x0000000008001788                HAL_Init
 .text.HAL_InitTick
                0x00000000080017b4       0x60 ./Drivers/STM32F1xx_HAL_Driver/Src/stm32f1xx_hal.o
                0x00000000080017b4                HAL_InitTick
 .text.HAL_IncTick
                0x0000000008001814       0x24 ./Drivers/STM32F1xx_HAL_Driver/Src/stm32f1xx_hal.o
                0x0000000008001814                HAL_IncTick
 .text.HAL_GetTick
                0x0000000008001838       0x14 ./Drivers/STM32F1xx_HAL_Driver/Src/stm32f1xx_hal.o
                0x0000000008001838                HAL_GetTick
 .text.__NVIC_SetPriorityGrouping
                0x000000000800184c       0x48 ./Drivers/STM32F1xx_HAL_Driver/Src/stm32f1xx_hal_cortex.o
 .text.__NVIC_GetPriorityGrouping
                0x0000000008001894       0x1c ./Drivers/STM32F1xx_HAL_Driver/Src/stm32f1xx_hal_cortex.o
 .text.__NVIC_EnableIRQ
                0x00000000080018b0       0x38 ./Drivers/STM32F1xx_HAL_Driver/Src/stm32f1xx_hal_cortex.o
 .text.__NVIC_SetPriority
                0x00000000080018e8       0x54 ./Drivers/STM32F1xx_HAL_Driver/Src/stm32f1xx_hal_cortex.o
 .text.NVIC_EncodePriority
                0x000000000800193c       0x64 ./Drivers/STM32F1xx_HAL_Driver/Src/stm32f1xx_hal_cortex.o
 .text.SysTick_Config
                0x00000000080019a0       0x44 ./Drivers/STM32F1xx_HAL_Driver/Src/stm32f1xx_hal_cortex.o
 .text.HAL_NVIC_SetPriorityGrouping
                0x00000000080019e4       0x16 ./Drivers/STM32F1xx_HAL_Driver/Src/stm32f1xx_hal_cortex.o
                0x00000000080019e4                HAL_NVIC_SetPriorityGrouping
 .text.HAL_NVIC_SetPriority
                0x00000000080019fa       0x38 ./Drivers/STM32F1xx_HAL_Driver/Src/stm32f1xx_hal_cortex.o
                0x00000000080019fa                HAL_NVIC_SetPriority
 .text.HAL_NVIC_EnableIRQ
                0x0000000008001a32       0x1c ./Drivers/STM32F1xx_HAL_Driver/Src/stm32f1xx_hal_cortex.o
                0x0000000008001a32                HAL_NVIC_EnableIRQ
 .text.HAL_SYSTICK_Config
                0x0000000008001a4e       0x18 ./Drivers/STM32F1xx_HAL_Driver/Src/stm32f1xx_hal_cortex.o
                0x0000000008001a4e                HAL_SYSTICK_Config
 *fill*         0x0000000008001a66        0x2 
 .text.HAL_GPIO_Init
                0x0000000008001a68      0x2f4 ./Drivers/STM32F1xx_HAL_Driver/Src/stm32f1xx_hal_gpio.o
                0x0000000008001a68                HAL_GPIO_Init
 .text.HAL_GPIO_ReadPin
                0x0000000008001d5c       0x2e ./Drivers/STM32F1xx_HAL_Driver/Src/stm32f1xx_hal_gpio.o
                0x0000000008001d5c                HAL_GPIO_ReadPin
 .text.HAL_GPIO_WritePin
                0x0000000008001d8a       0x30 ./Drivers/STM32F1xx_HAL_Driver/Src/stm32f1xx_hal_gpio.o
                0x0000000008001d8a                HAL_GPIO_WritePin
 .text.HAL_GPIO_TogglePin
                0x0000000008001dba       0x32 ./Drivers/STM32F1xx_HAL_Driver/Src/stm32f1xx_hal_gpio.o
                0x0000000008001dba                HAL_GPIO_TogglePin
 .text.HAL_RCC_OscConfig
                0x0000000008001dec      0x500 ./Drivers/STM32F1xx_HAL_Driver/Src/stm32f1xx_hal_rcc.o
                0x0000000008001dec                HAL_RCC_OscConfig
 .text.HAL_RCC_ClockConfig
                0x00000000080022ec      0x1d4 ./Drivers/STM32F1xx_HAL_Driver/Src/stm32f1xx_hal_rcc.o
                0x00000000080022ec                HAL_RCC_ClockConfig
 .text.HAL_RCC_GetSysClockFreq
                0x00000000080024c0       0xa8 ./Drivers/STM32F1xx_HAL_Driver/Src/stm32f1xx_hal_rcc.o
                0x00000000080024c0                HAL_RCC_GetSysClockFreq
 .text.RCC_Delay
                0x0000000008002568       0x3c ./Drivers/STM32F1xx_HAL_Driver/Src/stm32f1xx_hal_rcc.o
 .text.HAL_TIM_Base_Init
                0x00000000080025a4       0x9e ./Drivers/STM32F1xx_HAL_Driver/Src/stm32f1xx_hal_tim.o
                0x00000000080025a4                HAL_TIM_Base_Init
 *fill*         0x0000000008002642        0x2 
 .text.HAL_TIM_Base_Start_IT
                0x0000000008002644       0x98 ./Drivers/STM32F1xx_HAL_Driver/Src/stm32f1xx_hal_tim.o
                0x0000000008002644                HAL_TIM_Base_Start_IT
 .text.HAL_TIM_IRQHandler
                0x00000000080026dc      0x1e0 ./Drivers/STM32F1xx_HAL_Driver/Src/stm32f1xx_hal_tim.o
                0x00000000080026dc                HAL_TIM_IRQHandler
 .text.HAL_TIM_ConfigClockSource
                0x00000000080028bc      0x18e ./Drivers/STM32F1xx_HAL_Driver/Src/stm32f1xx_hal_tim.o
                0x00000000080028bc                HAL_TIM_ConfigClockSource
 .text.HAL_TIM_OC_DelayElapsedCallback
                0x0000000008002a4a       0x12 ./Drivers/STM32F1xx_HAL_Driver/Src/stm32f1xx_hal_tim.o
                0x0000000008002a4a                HAL_TIM_OC_DelayElapsedCallback
 .text.HAL_TIM_IC_CaptureCallback
                0x0000000008002a5c       0x12 ./Drivers/STM32F1xx_HAL_Driver/Src/stm32f1xx_hal_tim.o
                0x0000000008002a5c                HAL_TIM_IC_CaptureCallback
 .text.HAL_TIM_PWM_PulseFinishedCallback
                0x0000000008002a6e       0x12 ./Drivers/STM32F1xx_HAL_Driver/Src/stm32f1xx_hal_tim.o
                0x0000000008002a6e                HAL_TIM_PWM_PulseFinishedCallback
 .text.HAL_TIM_TriggerCallback
                0x0000000008002a80       0x12 ./Drivers/STM32F1xx_HAL_Driver/Src/stm32f1xx_hal_tim.o
                0x0000000008002a80                HAL_TIM_TriggerCallback
 *fill*         0x0000000008002a92        0x2 
 .text.TIM_Base_SetConfig
                0x0000000008002a94       0xc8 ./Drivers/STM32F1xx_HAL_Driver/Src/stm32f1xx_hal_tim.o
                0x0000000008002a94                TIM_Base_SetConfig
 .text.TIM_TI1_ConfigInputStage
                0x0000000008002b5c       0x5c ./Drivers/STM32F1xx_HAL_Driver/Src/stm32f1xx_hal_tim.o
 .text.TIM_TI2_ConfigInputStage
                0x0000000008002bb8       0x5e ./Drivers/STM32F1xx_HAL_Driver/Src/stm32f1xx_hal_tim.o
 .text.TIM_ITRx_SetConfig
                0x0000000008002c16       0x34 ./Drivers/STM32F1xx_HAL_Driver/Src/stm32f1xx_hal_tim.o
 .text.TIM_ETR_SetConfig
                0x0000000008002c4a       0x3e ./Drivers/STM32F1xx_HAL_Driver/Src/stm32f1xx_hal_tim.o
                0x0000000008002c4a                TIM_ETR_SetConfig
 .text.HAL_TIMEx_MasterConfigSynchronization
                0x0000000008002c88       0xb0 ./Drivers/STM32F1xx_HAL_Driver/Src/stm32f1xx_hal_tim_ex.o
                0x0000000008002c88                HAL_TIMEx_MasterConfigSynchronization
 .text.HAL_TIMEx_CommutCallback
                0x0000000008002d38       0x12 ./Drivers/STM32F1xx_HAL_Driver/Src/stm32f1xx_hal_tim_ex.o
                0x0000000008002d38                HAL_TIMEx_CommutCallback
 .text.HAL_TIMEx_BreakCallback
                0x0000000008002d4a       0x12 ./Drivers/STM32F1xx_HAL_Driver/Src/stm32f1xx_hal_tim_ex.o
                0x0000000008002d4a                HAL_TIMEx_BreakCallback
 .text.__libc_init_array
                0x0000000008002d5c       0x48 d:/stm32cubeide_1.7.0/stm32cubeide/plugins/com.st.stm32cube.ide.mcu.externaltools.gnu-tools-for-stm32.9-2020-q2-update.win32_2.0.0.202105311346/tools/bin/../lib/gcc/arm-none-eabi/9.3.1/../../../../arm-none-eabi/lib/thumb/v7-m/nofp\libc_nano.a(lib_a-init.o)
                0x0000000008002d5c                __libc_init_array
 .text.memset   0x0000000008002da4       0x10 d:/stm32cubeide_1.7.0/stm32cubeide/plugins/com.st.stm32cube.ide.mcu.externaltools.gnu-tools-for-stm32.9-2020-q2-update.win32_2.0.0.202105311346/tools/bin/../lib/gcc/arm-none-eabi/9.3.1/../../../../arm-none-eabi/lib/thumb/v7-m/nofp\libc_nano.a(lib_a-memset.o)
                0x0000000008002da4                memset
 *(.glue_7)
 .glue_7        0x0000000008002db4        0x0 linker stubs
 *(.glue_7t)
 .glue_7t       0x0000000008002db4        0x0 linker stubs
 *(.eh_frame)
 .eh_frame      0x0000000008002db4        0x0 d:/stm32cubeide_1.7.0/stm32cubeide/plugins/com.st.stm32cube.ide.mcu.externaltools.gnu-tools-for-stm32.9-2020-q2-update.win32_2.0.0.202105311346/tools/bin/../lib/gcc/arm-none-eabi/9.3.1/thumb/v7-m/nofp/crtbegin.o
 *(.init)
 .init          0x0000000008002db4        0x4 d:/stm32cubeide_1.7.0/stm32cubeide/plugins/com.st.stm32cube.ide.mcu.externaltools.gnu-tools-for-stm32.9-2020-q2-update.win32_2.0.0.202105311346/tools/bin/../lib/gcc/arm-none-eabi/9.3.1/thumb/v7-m/nofp/crti.o
                0x0000000008002db4                _init
 .init          0x0000000008002db8        0x8 d:/stm32cubeide_1.7.0/stm32cubeide/plugins/com.st.stm32cube.ide.mcu.externaltools.gnu-tools-for-stm32.9-2020-q2-update.win32_2.0.0.202105311346/tools/bin/../lib/gcc/arm-none-eabi/9.3.1/thumb/v7-m/nofp/crtn.o
 *(.fini)
 .fini          0x0000000008002dc0        0x4 d:/stm32cubeide_1.7.0/stm32cubeide/plugins/com.st.stm32cube.ide.mcu.externaltools.gnu-tools-for-stm32.9-2020-q2-update.win32_2.0.0.202105311346/tools/bin/../lib/gcc/arm-none-eabi/9.3.1/thumb/v7-m/nofp/crti.o
                0x0000000008002dc0                _fini
 .fini          0x0000000008002dc4        0x8 d:/stm32cubeide_1.7.0/stm32cubeide/plugins/com.st.stm32cube.ide.mcu.externaltools.gnu-tools-for-stm32.9-2020-q2-update.win32_2.0.0.202105311346/tools/bin/../lib/gcc/arm-none-eabi/9.3.1/thumb/v7-m/nofp/crtn.o
                0x0000000008002dcc                . = ALIGN (0x4)
                0x0000000008002dcc                _etext = .

.vfp11_veneer   0x0000000008002dcc        0x0
 .vfp11_veneer  0x0000000008002dcc        0x0 linker stubs

.v4_bx          0x0000000008002dcc        0x0
 .v4_bx         0x0000000008002dcc        0x0 linker stubs

.iplt           0x0000000008002dcc        0x0
 .iplt          0x0000000008002dcc        0x0 d:/stm32cubeide_1.7.0/stm32cubeide/plugins/com.st.stm32cube.ide.mcu.externaltools.gnu-tools-for-stm32.9-2020-q2-update.win32_2.0.0.202105311346/tools/bin/../lib/gcc/arm-none-eabi/9.3.1/thumb/v7-m/nofp/crtbegin.o

.rodata         0x0000000008002dcc       0x24
                0x0000000008002dcc                . = ALIGN (0x4)
 *(.rodata)
 *(.rodata*)
 .rodata.AHBPrescTable
                0x0000000008002dcc       0x10 ./Core/Src/system_stm32f1xx.o
                0x0000000008002dcc                AHBPrescTable
 .rodata.aPLLMULFactorTable.6032
                0x0000000008002ddc       0x10 ./Drivers/STM32F1xx_HAL_Driver/Src/stm32f1xx_hal_rcc.o
 .rodata.aPredivFactorTable.6033
                0x0000000008002dec        0x2 ./Drivers/STM32F1xx_HAL_Driver/Src/stm32f1xx_hal_rcc.o
                0x0000000008002df0                . = ALIGN (0x4)
 *fill*         0x0000000008002dee        0x2 

.rel.dyn        0x0000000008002df0        0x0
 .rel.iplt      0x0000000008002df0        0x0 d:/stm32cubeide_1.7.0/stm32cubeide/plugins/com.st.stm32cube.ide.mcu.externaltools.gnu-tools-for-stm32.9-2020-q2-update.win32_2.0.0.202105311346/tools/bin/../lib/gcc/arm-none-eabi/9.3.1/thumb/v7-m/nofp/crtbegin.o

.ARM.extab      0x0000000008002df0        0x0
                0x0000000008002df0                . = ALIGN (0x4)
 *(.ARM.extab* .gnu.linkonce.armextab.*)
                0x0000000008002df0                . = ALIGN (0x4)

.ARM            0x0000000008002df0        0x0
                0x0000000008002df0                . = ALIGN (0x4)
                0x0000000008002df0                __exidx_start = .
 *(.ARM.exidx*)
                0x0000000008002df0                __exidx_end = .
                0x0000000008002df0                . = ALIGN (0x4)

.preinit_array  0x0000000008002df0        0x0
                0x0000000008002df0                . = ALIGN (0x4)
                0x0000000008002df0                PROVIDE (__preinit_array_start = .)
 *(.preinit_array*)
                0x0000000008002df0                PROVIDE (__preinit_array_end = .)
                0x0000000008002df0                . = ALIGN (0x4)

.init_array     0x0000000008002df0        0x4
                0x0000000008002df0                . = ALIGN (0x4)
                0x0000000008002df0                PROVIDE (__init_array_start = .)
 *(SORT_BY_NAME(.init_array.*))
 *(.init_array*)
 .init_array    0x0000000008002df0        0x4 d:/stm32cubeide_1.7.0/stm32cubeide/plugins/com.st.stm32cube.ide.mcu.externaltools.gnu-tools-for-stm32.9-2020-q2-update.win32_2.0.0.202105311346/tools/bin/../lib/gcc/arm-none-eabi/9.3.1/thumb/v7-m/nofp/crtbegin.o
                0x0000000008002df4                PROVIDE (__init_array_end = .)
                0x0000000008002df4                . = ALIGN (0x4)

.fini_array     0x0000000008002df4        0x4
                0x0000000008002df4                . = ALIGN (0x4)
                [!provide]                        PROVIDE (__fini_array_start = .)
 *(SORT_BY_NAME(.fini_array.*))
 *(.fini_array*)
 .fini_array    0x0000000008002df4        0x4 d:/stm32cubeide_1.7.0/stm32cubeide/plugins/com.st.stm32cube.ide.mcu.externaltools.gnu-tools-for-stm32.9-2020-q2-update.win32_2.0.0.202105311346/tools/bin/../lib/gcc/arm-none-eabi/9.3.1/thumb/v7-m/nofp/crtbegin.o
                [!provide]                        PROVIDE (__fini_array_end = .)
                0x0000000008002df8                . = ALIGN (0x4)
                0x0000000008002df8                _sidata = LOADADDR (.data)

.data           0x0000000020000000       0x18 load address 0x0000000008002df8
                0x0000000020000000                . = ALIGN (0x4)
                0x0000000020000000                _sdata = .
 *(.data)
 *(.data*)
 .data.timeRed  0x0000000020000000        0x4 ./Core/Src/fsm_auto.o
                0x0000000020000000                timeRed
 .data.timeYel  0x0000000020000004        0x4 ./Core/Src/fsm_auto.o
                0x0000000020000004                timeYel
 .data.timeGreen
                0x0000000020000008        0x4 ./Core/Src/fsm_auto.o
                0x0000000020000008                timeGreen
 .data.SystemCoreClock
                0x000000002000000c        0x4 ./Core/Src/system_stm32f1xx.o
                0x000000002000000c                SystemCoreClock
 .data.uwTickPrio
                0x0000000020000010        0x4 ./Drivers/STM32F1xx_HAL_Driver/Src/stm32f1xx_hal.o
                0x0000000020000010                uwTickPrio
 .data.uwTickFreq
                0x0000000020000014        0x1 ./Drivers/STM32F1xx_HAL_Driver/Src/stm32f1xx_hal.o
                0x0000000020000014                uwTickFreq
 *(.RamFunc)
 *(.RamFunc*)
                0x0000000020000018                . = ALIGN (0x4)
 *fill*         0x0000000020000015        0x3 
                0x0000000020000018                _edata = .

.igot.plt       0x0000000020000018        0x0 load address 0x0000000008002e10
 .igot.plt      0x0000000020000018        0x0 d:/stm32cubeide_1.7.0/stm32cubeide/plugins/com.st.stm32cube.ide.mcu.externaltools.gnu-tools-for-stm32.9-2020-q2-update.win32_2.0.0.202105311346/tools/bin/../lib/gcc/arm-none-eabi/9.3.1/thumb/v7-m/nofp/crtbegin.o
                0x0000000020000018                . = ALIGN (0x4)

.bss            0x0000000020000018      0x134 load address 0x0000000008002e10
                0x0000000020000018                _sbss = .
                0x0000000020000018                __bss_start__ = _sbss
 *(.bss)
 .bss           0x0000000020000018       0x1c d:/stm32cubeide_1.7.0/stm32cubeide/plugins/com.st.stm32cube.ide.mcu.externaltools.gnu-tools-for-stm32.9-2020-q2-update.win32_2.0.0.202105311346/tools/bin/../lib/gcc/arm-none-eabi/9.3.1/thumb/v7-m/nofp/crtbegin.o
 *(.bss*)
 .bss.main_status
                0x0000000020000034        0x4 ./Core/Src/fsm_auto.o
                0x0000000020000034                main_status
 .bss.sub_status
                0x0000000020000038        0x4 ./Core/Src/fsm_auto.o
                0x0000000020000038                sub_status
 .bss.manual_status
                0x000000002000003c        0x4 ./Core/Src/fsm_manual.o
                0x000000002000003c                manual_status
 .bss.mode      0x0000000020000040        0x4 ./Core/Src/mode_control.o
                0x0000000020000040                mode
 .bss.tempRed   0x0000000020000044        0x4 ./Core/Src/mode_control.o
                0x0000000020000044                tempRed
 .bss.tempYel   0x0000000020000048        0x4 ./Core/Src/mode_control.o
                0x0000000020000048                tempYel
 .bss.tempGreen
                0x000000002000004c        0x4 ./Core/Src/mode_control.o
                0x000000002000004c                tempGreen
 .bss.backupRed
                0x0000000020000050        0x4 ./Core/Src/mode_control.o
                0x0000000020000050                backupRed
 .bss.backupYel
                0x0000000020000054        0x4 ./Core/Src/mode_control.o
                0x0000000020000054                backupYel
 .bss.backupGreen
                0x0000000020000058        0x4 ./Core/Src/mode_control.o
                0x0000000020000058                backupGreen
 .bss.led_idx   0x000000002000005c        0x4 ./Core/Src/set7SEG.o
                0x000000002000005c                led_idx
 .bss.mainTimeRemain
                0x0000000020000060        0x4 ./Core/Src/set7SEG.o
                0x0000000020000060                mainTimeRemain
 .bss.subTimeRemain
                0x0000000020000064        0x4 ./Core/Src/set7SEG.o
                0x0000000020000064                subTimeRemain
 *(COMMON)
 COMMON         0x0000000020000068       0x3c ./Core/Src/button.o
                0x0000000020000068                button2
                0x000000002000007c                button3
                0x0000000020000090                button1
 COMMON         0x00000000200000a4       0x48 ./Core/Src/main.o
                0x00000000200000a4                htim2
 COMMON         0x00000000200000ec        0x1 ./Core/Src/mode_control.o
                0x00000000200000ec                isEditted
 *fill*         0x00000000200000ed        0x3 
 COMMON         0x00000000200000f0       0x18 ./Core/Src/set7SEG.o
                0x00000000200000f0                time_buffer
 COMMON         0x0000000020000108       0x40 ./Core/Src/sw_timer.o
                0x0000000020000108                timer2
                0x0000000020000110                timeNoReact
                0x0000000020000118                timerBlinky1
                0x0000000020000120                timer4
                0x0000000020000128                timer1
                0x0000000020000130                timerBlinky2
                0x0000000020000138                timerTestLed
                0x0000000020000140                timer3
 COMMON         0x0000000020000148        0x4 ./Drivers/STM32F1xx_HAL_Driver/Src/stm32f1xx_hal.o
                0x0000000020000148                uwTick
                0x000000002000014c                . = ALIGN (0x4)
                0x000000002000014c                _ebss = .
                0x000000002000014c                __bss_end__ = _ebss

._user_heap_stack
                0x000000002000014c      0x604 load address 0x0000000008002e10
                0x0000000020000150                . = ALIGN (0x8)
 *fill*         0x000000002000014c        0x4 
                [!provide]                        PROVIDE (end = .)
                0x0000000020000150                PROVIDE (_end = .)
                0x0000000020000350                . = (. + _Min_Heap_Size)
 *fill*         0x0000000020000150      0x200 
                0x0000000020000750                . = (. + _Min_Stack_Size)
 *fill*         0x0000000020000350      0x400 
                0x0000000020000750                . = ALIGN (0x8)

/DISCARD/
 libc.a(*)
 libm.a(*)
 libgcc.a(*)

.ARM.attributes
                0x0000000000000000       0x29
 *(.ARM.attributes)
 .ARM.attributes
                0x0000000000000000       0x1d d:/stm32cubeide_1.7.0/stm32cubeide/plugins/com.st.stm32cube.ide.mcu.externaltools.gnu-tools-for-stm32.9-2020-q2-update.win32_2.0.0.202105311346/tools/bin/../lib/gcc/arm-none-eabi/9.3.1/thumb/v7-m/nofp/crti.o
 .ARM.attributes
                0x000000000000001d       0x2d d:/stm32cubeide_1.7.0/stm32cubeide/plugins/com.st.stm32cube.ide.mcu.externaltools.gnu-tools-for-stm32.9-2020-q2-update.win32_2.0.0.202105311346/tools/bin/../lib/gcc/arm-none-eabi/9.3.1/thumb/v7-m/nofp/crtbegin.o
 .ARM.attributes
                0x000000000000004a       0x2d ./Core/Src/button.o
 .ARM.attributes
                0x0000000000000077       0x2d ./Core/Src/fsm_auto.o
 .ARM.attributes
                0x00000000000000a4       0x2d ./Core/Src/fsm_manual.o
 .ARM.attributes
                0x00000000000000d1       0x2d ./Core/Src/main.o
 .ARM.attributes
                0x00000000000000fe       0x2d ./Core/Src/mode_control.o
 .ARM.attributes
                0x000000000000012b       0x2d ./Core/Src/set7SEG.o
 .ARM.attributes
                0x0000000000000158       0x2d ./Core/Src/setTrafficLed.o
 .ARM.attributes
                0x0000000000000185       0x2d ./Core/Src/stm32f1xx_hal_msp.o
 .ARM.attributes
                0x00000000000001b2       0x2d ./Core/Src/stm32f1xx_it.o
 .ARM.attributes
                0x00000000000001df       0x2d ./Core/Src/sw_timer.o
 .ARM.attributes
                0x000000000000020c       0x2d ./Core/Src/system_stm32f1xx.o
 .ARM.attributes
                0x0000000000000239       0x21 ./Core/Startup/startup_stm32f103c6ux.o
 .ARM.attributes
                0x000000000000025a       0x2d ./Drivers/STM32F1xx_HAL_Driver/Src/stm32f1xx_hal.o
 .ARM.attributes
                0x0000000000000287       0x2d ./Drivers/STM32F1xx_HAL_Driver/Src/stm32f1xx_hal_cortex.o
 .ARM.attributes
                0x00000000000002b4       0x2d ./Drivers/STM32F1xx_HAL_Driver/Src/stm32f1xx_hal_gpio.o
 .ARM.attributes
                0x00000000000002e1       0x2d ./Drivers/STM32F1xx_HAL_Driver/Src/stm32f1xx_hal_rcc.o
 .ARM.attributes
                0x000000000000030e       0x2d ./Drivers/STM32F1xx_HAL_Driver/Src/stm32f1xx_hal_tim.o
 .ARM.attributes
                0x000000000000033b       0x2d ./Drivers/STM32F1xx_HAL_Driver/Src/stm32f1xx_hal_tim_ex.o
 .ARM.attributes
                0x0000000000000368       0x2d d:/stm32cubeide_1.7.0/stm32cubeide/plugins/com.st.stm32cube.ide.mcu.externaltools.gnu-tools-for-stm32.9-2020-q2-update.win32_2.0.0.202105311346/tools/bin/../lib/gcc/arm-none-eabi/9.3.1/../../../../arm-none-eabi/lib/thumb/v7-m/nofp\libc_nano.a(lib_a-init.o)
 .ARM.attributes
                0x0000000000000395       0x2d d:/stm32cubeide_1.7.0/stm32cubeide/plugins/com.st.stm32cube.ide.mcu.externaltools.gnu-tools-for-stm32.9-2020-q2-update.win32_2.0.0.202105311346/tools/bin/../lib/gcc/arm-none-eabi/9.3.1/../../../../arm-none-eabi/lib/thumb/v7-m/nofp\libc_nano.a(lib_a-memset.o)
 .ARM.attributes
                0x00000000000003c2       0x1d d:/stm32cubeide_1.7.0/stm32cubeide/plugins/com.st.stm32cube.ide.mcu.externaltools.gnu-tools-for-stm32.9-2020-q2-update.win32_2.0.0.202105311346/tools/bin/../lib/gcc/arm-none-eabi/9.3.1/thumb/v7-m/nofp/crtn.o
OUTPUT(STM32_LAB3.elf elf32-littlearm)
LOAD linker stubs
LOAD d:/stm32cubeide_1.7.0/stm32cubeide/plugins/com.st.stm32cube.ide.mcu.externaltools.gnu-tools-for-stm32.9-2020-q2-update.win32_2.0.0.202105311346/tools/bin/../lib/gcc/arm-none-eabi/9.3.1/../../../../arm-none-eabi/lib/thumb/v7-m/nofp\libc.a
LOAD d:/stm32cubeide_1.7.0/stm32cubeide/plugins/com.st.stm32cube.ide.mcu.externaltools.gnu-tools-for-stm32.9-2020-q2-update.win32_2.0.0.202105311346/tools/bin/../lib/gcc/arm-none-eabi/9.3.1/../../../../arm-none-eabi/lib/thumb/v7-m/nofp\libm.a
LOAD d:/stm32cubeide_1.7.0/stm32cubeide/plugins/com.st.stm32cube.ide.mcu.externaltools.gnu-tools-for-stm32.9-2020-q2-update.win32_2.0.0.202105311346/tools/bin/../lib/gcc/arm-none-eabi/9.3.1/thumb/v7-m/nofp\libgcc.a

.debug_info     0x0000000000000000     0xaa3d
 .debug_info    0x0000000000000000      0x52b ./Core/Src/button.o
 .debug_info    0x000000000000052b      0x4ba ./Core/Src/fsm_auto.o
 .debug_info    0x00000000000009e5      0x45e ./Core/Src/fsm_manual.o
 .debug_info    0x0000000000000e43      0xdc2 ./Core/Src/main.o
 .debug_info    0x0000000000001c05      0x518 ./Core/Src/mode_control.o
 .debug_info    0x000000000000211d      0x53b ./Core/Src/set7SEG.o
 .debug_info    0x0000000000002658      0x58f ./Core/Src/setTrafficLed.o
 .debug_info    0x0000000000002be7      0xa09 ./Core/Src/stm32f1xx_hal_msp.o
 .debug_info    0x00000000000035f0      0x7b9 ./Core/Src/stm32f1xx_it.o
 .debug_info    0x0000000000003da9      0x565 ./Core/Src/sw_timer.o
 .debug_info    0x000000000000430e      0x2be ./Core/Src/system_stm32f1xx.o
 .debug_info    0x00000000000045cc       0x22 ./Core/Startup/startup_stm32f103c6ux.o
 .debug_info    0x00000000000045ee      0x74c ./Drivers/STM32F1xx_HAL_Driver/Src/stm32f1xx_hal.o
 .debug_info    0x0000000000004d3a      0xbbe ./Drivers/STM32F1xx_HAL_Driver/Src/stm32f1xx_hal_cortex.o
 .debug_info    0x00000000000058f8      0x701 ./Drivers/STM32F1xx_HAL_Driver/Src/stm32f1xx_hal_gpio.o
 .debug_info    0x0000000000005ff9      0x893 ./Drivers/STM32F1xx_HAL_Driver/Src/stm32f1xx_hal_rcc.o
 .debug_info    0x000000000000688c     0x2c32 ./Drivers/STM32F1xx_HAL_Driver/Src/stm32f1xx_hal_tim.o
 .debug_info    0x00000000000094be     0x157f ./Drivers/STM32F1xx_HAL_Driver/Src/stm32f1xx_hal_tim_ex.o

.debug_abbrev   0x0000000000000000     0x1f91
 .debug_abbrev  0x0000000000000000      0x1b5 ./Core/Src/button.o
 .debug_abbrev  0x00000000000001b5      0x13f ./Core/Src/fsm_auto.o
 .debug_abbrev  0x00000000000002f4      0x13f ./Core/Src/fsm_manual.o
 .debug_abbrev  0x0000000000000433      0x248 ./Core/Src/main.o
 .debug_abbrev  0x000000000000067b      0x182 ./Core/Src/mode_control.o
 .debug_abbrev  0x00000000000007fd      0x1bc ./Core/Src/set7SEG.o
 .debug_abbrev  0x00000000000009b9      0x177 ./Core/Src/setTrafficLed.o
 .debug_abbrev  0x0000000000000b30      0x1b7 ./Core/Src/stm32f1xx_hal_msp.o
 .debug_abbrev  0x0000000000000ce7      0x176 ./Core/Src/stm32f1xx_it.o
 .debug_abbrev  0x0000000000000e5d      0x1b5 ./Core/Src/sw_timer.o
 .debug_abbrev  0x0000000000001012      0x14e ./Core/Src/system_stm32f1xx.o
 .debug_abbrev  0x0000000000001160       0x12 ./Core/Startup/startup_stm32f103c6ux.o
 .debug_abbrev  0x0000000000001172      0x1ed ./Drivers/STM32F1xx_HAL_Driver/Src/stm32f1xx_hal.o
 .debug_abbrev  0x000000000000135f      0x313 ./Drivers/STM32F1xx_HAL_Driver/Src/stm32f1xx_hal_cortex.o
 .debug_abbrev  0x0000000000001672      0x1e8 ./Drivers/STM32F1xx_HAL_Driver/Src/stm32f1xx_hal_gpio.o
 .debug_abbrev  0x000000000000185a      0x273 ./Drivers/STM32F1xx_HAL_Driver/Src/stm32f1xx_hal_rcc.o
 .debug_abbrev  0x0000000000001acd      0x25e ./Drivers/STM32F1xx_HAL_Driver/Src/stm32f1xx_hal_tim.o
 .debug_abbrev  0x0000000000001d2b      0x266 ./Drivers/STM32F1xx_HAL_Driver/Src/stm32f1xx_hal_tim_ex.o

.debug_aranges  0x0000000000000000      0xad8
 .debug_aranges
                0x0000000000000000       0x38 ./Core/Src/button.o
 .debug_aranges
                0x0000000000000038       0x30 ./Core/Src/fsm_auto.o
 .debug_aranges
                0x0000000000000068       0x20 ./Core/Src/fsm_manual.o
 .debug_aranges
                0x0000000000000088       0x48 ./Core/Src/main.o
 .debug_aranges
                0x00000000000000d0       0x40 ./Core/Src/mode_control.o
 .debug_aranges
                0x0000000000000110       0x38 ./Core/Src/set7SEG.o
 .debug_aranges
                0x0000000000000148       0x68 ./Core/Src/setTrafficLed.o
 .debug_aranges
                0x00000000000001b0       0x30 ./Core/Src/stm32f1xx_hal_msp.o
 .debug_aranges
                0x00000000000001e0       0x68 ./Core/Src/stm32f1xx_it.o
 .debug_aranges
                0x0000000000000248       0x40 ./Core/Src/sw_timer.o
 .debug_aranges
                0x0000000000000288       0x28 ./Core/Src/system_stm32f1xx.o
 .debug_aranges
                0x00000000000002b0       0x28 ./Core/Startup/startup_stm32f103c6ux.o
 .debug_aranges
                0x00000000000002d8       0xe0 ./Drivers/STM32F1xx_HAL_Driver/Src/stm32f1xx_hal.o
 .debug_aranges
                0x00000000000003b8      0x100 ./Drivers/STM32F1xx_HAL_Driver/Src/stm32f1xx_hal_cortex.o
 .debug_aranges
                0x00000000000004b8       0x58 ./Drivers/STM32F1xx_HAL_Driver/Src/stm32f1xx_hal_gpio.o
 .debug_aranges
                0x0000000000000510       0x90 ./Drivers/STM32F1xx_HAL_Driver/Src/stm32f1xx_hal_rcc.o
 .debug_aranges
                0x00000000000005a0      0x3d0 ./Drivers/STM32F1xx_HAL_Driver/Src/stm32f1xx_hal_tim.o
 .debug_aranges
                0x0000000000000970      0x168 ./Drivers/STM32F1xx_HAL_Driver/Src/stm32f1xx_hal_tim_ex.o

.debug_ranges   0x0000000000000000      0x9c0
 .debug_ranges  0x0000000000000000       0x28 ./Core/Src/button.o
 .debug_ranges  0x0000000000000028       0x20 ./Core/Src/fsm_auto.o
 .debug_ranges  0x0000000000000048       0x10 ./Core/Src/fsm_manual.o
 .debug_ranges  0x0000000000000058       0x38 ./Core/Src/main.o
 .debug_ranges  0x0000000000000090       0x30 ./Core/Src/mode_control.o
 .debug_ranges  0x00000000000000c0       0x28 ./Core/Src/set7SEG.o
 .debug_ranges  0x00000000000000e8       0x58 ./Core/Src/setTrafficLed.o
 .debug_ranges  0x0000000000000140       0x20 ./Core/Src/stm32f1xx_hal_msp.o
 .debug_ranges  0x0000000000000160       0x58 ./Core/Src/stm32f1xx_it.o
 .debug_ranges  0x00000000000001b8       0x30 ./Core/Src/sw_timer.o
 .debug_ranges  0x00000000000001e8       0x18 ./Core/Src/system_stm32f1xx.o
 .debug_ranges  0x0000000000000200       0x20 ./Core/Startup/startup_stm32f103c6ux.o
 .debug_ranges  0x0000000000000220       0xd0 ./Drivers/STM32F1xx_HAL_Driver/Src/stm32f1xx_hal.o
 .debug_ranges  0x00000000000002f0       0xf0 ./Drivers/STM32F1xx_HAL_Driver/Src/stm32f1xx_hal_cortex.o
 .debug_ranges  0x00000000000003e0       0x48 ./Drivers/STM32F1xx_HAL_Driver/Src/stm32f1xx_hal_gpio.o
 .debug_ranges  0x0000000000000428       0x80 ./Drivers/STM32F1xx_HAL_Driver/Src/stm32f1xx_hal_rcc.o
 .debug_ranges  0x00000000000004a8      0x3c0 ./Drivers/STM32F1xx_HAL_Driver/Src/stm32f1xx_hal_tim.o
 .debug_ranges  0x0000000000000868      0x158 ./Drivers/STM32F1xx_HAL_Driver/Src/stm32f1xx_hal_tim_ex.o

.debug_macro    0x0000000000000000    0x172a1
 .debug_macro   0x0000000000000000      0x1c8 ./Core/Src/button.o
 .debug_macro   0x00000000000001c8      0xa9c ./Core/Src/button.o
 .debug_macro   0x0000000000000c64      0x215 ./Core/Src/button.o
 .debug_macro   0x0000000000000e79       0x2e ./Core/Src/button.o
 .debug_macro   0x0000000000000ea7       0x22 ./Core/Src/button.o
 .debug_macro   0x0000000000000ec9       0x22 ./Core/Src/button.o
 .debug_macro   0x0000000000000eeb       0x8e ./Core/Src/button.o
 .debug_macro   0x0000000000000f79       0x51 ./Core/Src/button.o
 .debug_macro   0x0000000000000fca      0x103 ./Core/Src/button.o
 .debug_macro   0x00000000000010cd       0x6a ./Core/Src/button.o
 .debug_macro   0x0000000000001137      0x1df ./Core/Src/button.o
 .debug_macro   0x0000000000001316       0x1c ./Core/Src/button.o
 .debug_macro   0x0000000000001332       0x22 ./Core/Src/button.o
 .debug_macro   0x0000000000001354       0xc3 ./Core/Src/button.o
 .debug_macro   0x0000000000001417      0xd23 ./Core/Src/button.o
 .debug_macro   0x000000000000213a     0xde75 ./Core/Src/button.o
 .debug_macro   0x000000000000ffaf       0x6d ./Core/Src/button.o
 .debug_macro   0x000000000001001c     0x34a2 ./Core/Src/button.o
 .debug_macro   0x00000000000134be      0x174 ./Core/Src/button.o
 .debug_macro   0x0000000000013632       0x5c ./Core/Src/button.o
 .debug_macro   0x000000000001368e      0x5bc ./Core/Src/button.o
 .debug_macro   0x0000000000013c4a      0x1b7 ./Core/Src/button.o
 .debug_macro   0x0000000000013e01      0x1cb ./Core/Src/button.o
 .debug_macro   0x0000000000013fcc      0x114 ./Core/Src/button.o
 .debug_macro   0x00000000000140e0      0x1b2 ./Core/Src/button.o
 .debug_macro   0x0000000000014292       0x27 ./Core/Src/button.o
 .debug_macro   0x00000000000142b9      0x12f ./Core/Src/button.o
 .debug_macro   0x00000000000143e8      0x1bc ./Core/Src/button.o
 .debug_macro   0x00000000000145a4       0x34 ./Core/Src/button.o
 .debug_macro   0x00000000000145d8       0x3c ./Core/Src/button.o
 .debug_macro   0x0000000000014614       0x57 ./Core/Src/button.o
 .debug_macro   0x000000000001466b       0x87 ./Core/Src/button.o
 .debug_macro   0x00000000000146f2      0x183 ./Core/Src/button.o
 .debug_macro   0x0000000000014875      0x140 ./Core/Src/button.o
 .debug_macro   0x00000000000149b5      0x8ed ./Core/Src/button.o
 .debug_macro   0x00000000000152a2       0x69 ./Core/Src/button.o
 .debug_macro   0x000000000001530b      0x178 ./Core/Src/button.o
 .debug_macro   0x0000000000015483       0xa0 ./Core/Src/button.o
 .debug_macro   0x0000000000015523       0x10 ./Core/Src/button.o
 .debug_macro   0x0000000000015533      0x1f3 ./Core/Src/fsm_auto.o
 .debug_macro   0x0000000000015726       0xa6 ./Core/Src/fsm_auto.o
 .debug_macro   0x00000000000157cc       0x10 ./Core/Src/fsm_auto.o
 .debug_macro   0x00000000000157dc       0x16 ./Core/Src/fsm_auto.o
 .debug_macro   0x00000000000157f2      0x20b ./Core/Src/fsm_manual.o
 .debug_macro   0x00000000000159fd      0x211 ./Core/Src/main.o
 .debug_macro   0x0000000000015c0e      0x1e3 ./Core/Src/mode_control.o
 .debug_macro   0x0000000000015df1      0x209 ./Core/Src/set7SEG.o
 .debug_macro   0x0000000000015ffa      0x1d0 ./Core/Src/setTrafficLed.o
 .debug_macro   0x00000000000161ca      0x1a6 ./Core/Src/stm32f1xx_hal_msp.o
 .debug_macro   0x0000000000016370      0x1b0 ./Core/Src/stm32f1xx_it.o
 .debug_macro   0x0000000000016520      0x1be ./Core/Src/sw_timer.o
 .debug_macro   0x00000000000166de      0x197 ./Core/Src/system_stm32f1xx.o
 .debug_macro   0x0000000000016875      0x1bb ./Drivers/STM32F1xx_HAL_Driver/Src/stm32f1xx_hal.o
 .debug_macro   0x0000000000016a30      0x197 ./Drivers/STM32F1xx_HAL_Driver/Src/stm32f1xx_hal_cortex.o
 .debug_macro   0x0000000000016bc7      0x202 ./Drivers/STM32F1xx_HAL_Driver/Src/stm32f1xx_hal_gpio.o
 .debug_macro   0x0000000000016dc9      0x1a9 ./Drivers/STM32F1xx_HAL_Driver/Src/stm32f1xx_hal_rcc.o
 .debug_macro   0x0000000000016f72      0x198 ./Drivers/STM32F1xx_HAL_Driver/Src/stm32f1xx_hal_tim.o
 .debug_macro   0x000000000001710a      0x197 ./Drivers/STM32F1xx_HAL_Driver/Src/stm32f1xx_hal_tim_ex.o

.debug_line     0x0000000000000000     0xc7a4
 .debug_line    0x0000000000000000      0x735 ./Core/Src/button.o
 .debug_line    0x0000000000000735      0x79e ./Core/Src/fsm_auto.o
 .debug_line    0x0000000000000ed3      0x72f ./Core/Src/fsm_manual.o
 .debug_line    0x0000000000001602      0x834 ./Core/Src/main.o
 .debug_line    0x0000000000001e36      0x80b ./Core/Src/mode_control.o
 .debug_line    0x0000000000002641      0x7d1 ./Core/Src/set7SEG.o
 .debug_line    0x0000000000002e12      0x785 ./Core/Src/setTrafficLed.o
 .debug_line    0x0000000000003597      0x695 ./Core/Src/stm32f1xx_hal_msp.o
 .debug_line    0x0000000000003c2c      0x733 ./Core/Src/stm32f1xx_it.o
 .debug_line    0x000000000000435f      0x6f2 ./Core/Src/sw_timer.o
 .debug_line    0x0000000000004a51      0x6d7 ./Core/Src/system_stm32f1xx.o
 .debug_line    0x0000000000005128       0x86 ./Core/Startup/startup_stm32f103c6ux.o
 .debug_line    0x00000000000051ae      0x904 ./Drivers/STM32F1xx_HAL_Driver/Src/stm32f1xx_hal.o
 .debug_line    0x0000000000005ab2      0xaec ./Drivers/STM32F1xx_HAL_Driver/Src/stm32f1xx_hal_cortex.o
 .debug_line    0x000000000000659e      0x987 ./Drivers/STM32F1xx_HAL_Driver/Src/stm32f1xx_hal_gpio.o
 .debug_line    0x0000000000006f25      0xd10 ./Drivers/STM32F1xx_HAL_Driver/Src/stm32f1xx_hal_rcc.o
 .debug_line    0x0000000000007c35     0x3355 ./Drivers/STM32F1xx_HAL_Driver/Src/stm32f1xx_hal_tim.o
 .debug_line    0x000000000000af8a     0x181a ./Drivers/STM32F1xx_HAL_Driver/Src/stm32f1xx_hal_tim_ex.o

.debug_str      0x0000000000000000    0x82982
 .debug_str     0x0000000000000000    0x7fdb7 ./Core/Src/button.o
                                      0x80116 (size before relaxing)
 .debug_str     0x000000000007fdb7       0x97 ./Core/Src/fsm_auto.o
                                      0x80141 (size before relaxing)
 .debug_str     0x000000000007fe4e       0x50 ./Core/Src/fsm_manual.o
                                      0x8014a (size before relaxing)
 .debug_str     0x000000000007fe9e      0x6da ./Core/Src/main.o
                                      0x808cd (size before relaxing)
 .debug_str     0x0000000000080578       0x5e ./Core/Src/mode_control.o
                                      0x8013c (size before relaxing)
 .debug_str     0x00000000000805d6       0x5c ./Core/Src/set7SEG.o
                                      0x801a0 (size before relaxing)
 .debug_str     0x0000000000080632       0xaf ./Core/Src/setTrafficLed.o
                                      0x8015e (size before relaxing)
 .debug_str     0x00000000000806e1      0x2ba ./Core/Src/stm32f1xx_hal_msp.o
                                      0x80459 (size before relaxing)
 .debug_str     0x000000000008099b       0xcd ./Core/Src/stm32f1xx_it.o
                                      0x801bb (size before relaxing)
 .debug_str     0x0000000000080a68       0x4f ./Core/Src/sw_timer.o
                                      0x800cc (size before relaxing)
 .debug_str     0x0000000000080ab7       0x52 ./Core/Src/system_stm32f1xx.o
                                      0x7f772 (size before relaxing)
 .debug_str     0x0000000000080b09       0x36 ./Core/Startup/startup_stm32f103c6ux.o
                                         0x66 (size before relaxing)
 .debug_str     0x0000000000080b3f      0x304 ./Drivers/STM32F1xx_HAL_Driver/Src/stm32f1xx_hal.o
                                      0x7fdc9 (size before relaxing)
 .debug_str     0x0000000000080e43      0x300 ./Drivers/STM32F1xx_HAL_Driver/Src/stm32f1xx_hal_cortex.o
                                      0x7fdd1 (size before relaxing)
 .debug_str     0x0000000000081143      0x324 ./Drivers/STM32F1xx_HAL_Driver/Src/stm32f1xx_hal_gpio.o
                                      0x7fb36 (size before relaxing)
 .debug_str     0x0000000000081467      0x24f ./Drivers/STM32F1xx_HAL_Driver/Src/stm32f1xx_hal_rcc.o
                                      0x7fb6f (size before relaxing)
 .debug_str     0x00000000000816b6      0xdde ./Drivers/STM32F1xx_HAL_Driver/Src/stm32f1xx_hal_tim.o
                                      0x80b58 (size before relaxing)
 .debug_str     0x0000000000082494      0x4ee ./Drivers/STM32F1xx_HAL_Driver/Src/stm32f1xx_hal_tim_ex.o
                                      0x802f9 (size before relaxing)

.comment        0x0000000000000000       0x53
 .comment       0x0000000000000000       0x53 ./Core/Src/button.o
                                         0x54 (size before relaxing)
 .comment       0x0000000000000053       0x54 ./Core/Src/fsm_auto.o
 .comment       0x0000000000000053       0x54 ./Core/Src/fsm_manual.o
 .comment       0x0000000000000053       0x54 ./Core/Src/main.o
 .comment       0x0000000000000053       0x54 ./Core/Src/mode_control.o
 .comment       0x0000000000000053       0x54 ./Core/Src/set7SEG.o
 .comment       0x0000000000000053       0x54 ./Core/Src/setTrafficLed.o
 .comment       0x0000000000000053       0x54 ./Core/Src/stm32f1xx_hal_msp.o
 .comment       0x0000000000000053       0x54 ./Core/Src/stm32f1xx_it.o
 .comment       0x0000000000000053       0x54 ./Core/Src/sw_timer.o
 .comment       0x0000000000000053       0x54 ./Core/Src/system_stm32f1xx.o
 .comment       0x0000000000000053       0x54 ./Drivers/STM32F1xx_HAL_Driver/Src/stm32f1xx_hal.o
 .comment       0x0000000000000053       0x54 ./Drivers/STM32F1xx_HAL_Driver/Src/stm32f1xx_hal_cortex.o
 .comment       0x0000000000000053       0x54 ./Drivers/STM32F1xx_HAL_Driver/Src/stm32f1xx_hal_gpio.o
 .comment       0x0000000000000053       0x54 ./Drivers/STM32F1xx_HAL_Driver/Src/stm32f1xx_hal_rcc.o
 .comment       0x0000000000000053       0x54 ./Drivers/STM32F1xx_HAL_Driver/Src/stm32f1xx_hal_tim.o
 .comment       0x0000000000000053       0x54 ./Drivers/STM32F1xx_HAL_Driver/Src/stm32f1xx_hal_tim_ex.o

.debug_frame    0x0000000000000000     0x2a40
 .debug_frame   0x0000000000000000       0xa0 ./Core/Src/button.o
 .debug_frame   0x00000000000000a0       0x64 ./Core/Src/fsm_auto.o
 .debug_frame   0x0000000000000104       0x2c ./Core/Src/fsm_manual.o
 .debug_frame   0x0000000000000130       0xd4 ./Core/Src/main.o
 .debug_frame   0x0000000000000204       0xa8 ./Core/Src/mode_control.o
 .debug_frame   0x00000000000002ac       0xa0 ./Core/Src/set7SEG.o
 .debug_frame   0x000000000000034c      0x138 ./Core/Src/setTrafficLed.o
 .debug_frame   0x0000000000000484       0x80 ./Core/Src/stm32f1xx_hal_msp.o
 .debug_frame   0x0000000000000504      0x120 ./Core/Src/stm32f1xx_it.o
 .debug_frame   0x0000000000000624       0xcc ./Core/Src/sw_timer.o
 .debug_frame   0x00000000000006f0       0x58 ./Core/Src/system_stm32f1xx.o
 .debug_frame   0x0000000000000748      0x334 ./Drivers/STM32F1xx_HAL_Driver/Src/stm32f1xx_hal.o
 .debug_frame   0x0000000000000a7c      0x428 ./Drivers/STM32F1xx_HAL_Driver/Src/stm32f1xx_hal_cortex.o
 .debug_frame   0x0000000000000ea4      0x14c ./Drivers/STM32F1xx_HAL_Driver/Src/stm32f1xx_hal_gpio.o
 .debug_frame   0x0000000000000ff0      0x218 ./Drivers/STM32F1xx_HAL_Driver/Src/stm32f1xx_hal_rcc.o
 .debug_frame   0x0000000000001208     0x11b4 ./Drivers/STM32F1xx_HAL_Driver/Src/stm32f1xx_hal_tim.o
 .debug_frame   0x00000000000023bc      0x638 ./Drivers/STM32F1xx_HAL_Driver/Src/stm32f1xx_hal_tim_ex.o
 .debug_frame   0x00000000000029f4       0x2c d:/stm32cubeide_1.7.0/stm32cubeide/plugins/com.st.stm32cube.ide.mcu.externaltools.gnu-tools-for-stm32.9-2020-q2-update.win32_2.0.0.202105311346/tools/bin/../lib/gcc/arm-none-eabi/9.3.1/../../../../arm-none-eabi/lib/thumb/v7-m/nofp\libc_nano.a(lib_a-init.o)
 .debug_frame   0x0000000000002a20       0x20 d:/stm32cubeide_1.7.0/stm32cubeide/plugins/com.st.stm32cube.ide.mcu.externaltools.gnu-tools-for-stm32.9-2020-q2-update.win32_2.0.0.202105311346/tools/bin/../lib/gcc/arm-none-eabi/9.3.1/../../../../arm-none-eabi/lib/thumb/v7-m/nofp\libc_nano.a(lib_a-memset.o)
